// Jest Snapshot v1, https://goo.gl/fbAQLP

exports[`FlyoutTests Flyout 1`] = `
{
  "AutomationId": "flyout",
  "AutomationLevel": -1,
  "AutomationPositionInSet": -1,
  "AutomationSizeOfSet": -1,
  "Background": null,
  "BorderBrush": "#E4000000",
  "BorderThickness": "0,0,0,0",
  "Clip": null,
  "CornerRadius": "0,0,0,0",
  "FlowDirection": "LeftToRight",
  "Height": 562,
  "HorizontalAlignment": "Stretch",
  "Left": 0,
  "Margin": "0,0,0,0",
  "Padding": "0,0,0,0",
  "Top": 31,
  "VerticalAlignment": "Stretch",
  "Visibility": "Visible",
  "Width": 800,
  "XamlType": "Microsoft.ReactNative.ViewPanel",
  "children": [
    {
      "AutomationLevel": -1,
      "AutomationPositionInSet": -1,
      "AutomationSizeOfSet": -1,
      "Background": null,
      "BorderBrush": "#E4000000",
      "BorderThickness": "0,0,0,0",
      "Clip": null,
      "CornerRadius": "0,0,0,0",
      "FlowDirection": "LeftToRight",
      "Height": 59,
      "HorizontalAlignment": "Stretch",
      "Left": 0,
      "Margin": "0,0,0,0",
      "Padding": "0,0,0,0",
      "Top": 0,
      "VerticalAlignment": "Stretch",
      "Visibility": "Visible",
      "Width": 800,
      "XamlType": "Microsoft.ReactNative.ViewPanel",
      "children": [
        {
          "AutomationLevel": -1,
          "AutomationPositionInSet": -1,
          "AutomationSizeOfSet": -1,
          "Clip": null,
          "FlowDirection": "LeftToRight",
          "Foreground": "#FF000000",
          "Height": 39,
          "HorizontalAlignment": "Stretch",
          "Left": 0,
          "Margin": "0,0,0,0",
          "Padding": "10,10,10,10",
          "Text": "Placement Options: ",
          "Top": 20,
          "VerticalAlignment": "Stretch",
          "Visibility": "Visible",
          "Width": 141,
          "XamlType": "Windows.UI.Xaml.Controls.TextBlock",
        },
        {
          "AutomationLevel": -1,
          "AutomationPositionInSet": -1,
          "AutomationSizeOfSet": -1,
          "Background": "#B3FFFFFF",
          "BorderBrush": "Windows.UI.Xaml.Media.LinearGradientBrush",
          "BorderThickness": "1,1,1,1",
          "Clip": null,
          "CornerRadius": "0,0,0,0",
          "FlowDirection": "LeftToRight",
          "Foreground": "#FF000000",
          "Height": 35,
          "HorizontalAlignment": "Left",
          "Left": 141,
          "Margin": "0,0,0,0",
          "Padding": "12,5,0,7",
          "Text": "",
          "Top": 20,
          "VerticalAlignment": "Top",
          "Visibility": "Visible",
          "Width": 200,
          "XamlType": "ReactNativePicker.ReactPickerView",
          "children": [
            {
              "AutomationLevel": -1,
              "AutomationPositionInSet": -1,
              "AutomationSizeOfSet": -1,
              "Background": null,
              "BorderBrush": null,
              "BorderThickness": "0,0,0,0",
              "Clip": null,
              "CornerRadius": "0,0,0,0",
              "FlowDirection": "LeftToRight",
              "HorizontalAlignment": "Stretch",
              "Left": 0,
              "Margin": "0,0,0,0",
              "Name": "LayoutRoot",
              "Padding": "0,0,0,0",
              "Top": 0,
              "VerticalAlignment": "Stretch",
              "Visibility": "Visible",
              "XamlType": "Windows.UI.Xaml.Controls.Grid",
              "children": [
                {
                  "AutomationLevel": -1,
                  "AutomationPositionInSet": -1,
                  "AutomationSizeOfSet": -1,
                  "Background": "#B3FFFFFF",
                  "BorderBrush": "Windows.UI.Xaml.Media.LinearGradientBrush",
                  "BorderThickness": "1,1,1,1",
                  "Clip": null,
                  "CornerRadius": "0,0,0,0",
                  "FlowDirection": "LeftToRight",
                  "HorizontalAlignment": "Stretch",
                  "Left": 0,
                  "Margin": "0,0,0,0",
                  "Name": "Background",
                  "Padding": "0,0,0,0",
                  "Top": 0,
                  "VerticalAlignment": "Stretch",
                  "Visibility": "Visible",
                  "XamlType": "Windows.UI.Xaml.Controls.Border",
                },
                {
                  "AutomationLevel": -1,
                  "AutomationPositionInSet": -1,
                  "AutomationSizeOfSet": -1,
                  "Background": "#B3FFFFFF",
                  "BorderBrush": "#0F000000",
                  "BorderThickness": "1,1,1,1",
                  "Clip": null,
                  "CornerRadius": "0,0,0,0",
                  "FlowDirection": "LeftToRight",
                  "HorizontalAlignment": "Stretch",
                  "Left": 0,
                  "Margin": "0,0,0,0",
                  "Name": "HighlightBackground",
                  "Padding": "0,0,0,0",
                  "Top": 0,
                  "VerticalAlignment": "Stretch",
                  "Visibility": "Visible",
                  "XamlType": "Windows.UI.Xaml.Controls.Border",
                },
                {
                  "AutomationLevel": -1,
                  "AutomationPositionInSet": -1,
                  "AutomationSizeOfSet": -1,
                  "Background": null,
                  "BorderBrush": null,
                  "BorderThickness": "0,0,0,0",
                  "Clip": null,
                  "CornerRadius": "0,0,0,0",
                  "FlowDirection": "LeftToRight",
                  "Foreground": "#FF000000",
                  "HorizontalAlignment": "Stretch",
                  "Left": 0,
                  "Margin": "12,5,0,7",
                  "Name": "ContentPresenter",
                  "Padding": "0,0,0,0",
                  "Top": 0,
                  "VerticalAlignment": "Center",
                  "Visibility": "Visible",
                  "XamlType": "Windows.UI.Xaml.Controls.ContentPresenter",
                  "children": [
                    {
                      "AutomationLevel": -1,
                      "AutomationPositionInSet": -1,
                      "AutomationSizeOfSet": -1,
                      "Clip": null,
                      "FlowDirection": "LeftToRight",
                      "Foreground": "#FF000000",
                      "HorizontalAlignment": "Left",
                      "Left": 0,
                      "Margin": "0,0,0,0",
                      "Padding": "0,0,0,0",
                      "Text": "top",
                      "Top": 0,
                      "VerticalAlignment": "Top",
                      "Visibility": "Visible",
                      "XamlType": "Windows.UI.Xaml.Controls.TextBlock",
                    },
                  ],
                },
                {
                  "AutomationLevel": -1,
                  "AutomationPositionInSet": -1,
                  "AutomationSizeOfSet": -1,
                  "Clip": null,
                  "FlowDirection": "LeftToRight",
                  "Foreground": "#9E000000",
                  "HorizontalAlignment": "Right",
                  "Left": 0,
                  "Margin": "0,10,10,10",
                  "Name": "DropDownGlyph",
                  "Top": 0,
                  "VerticalAlignment": "Center",
                  "Visibility": "Visible",
                  "XamlType": "Windows.UI.Xaml.Controls.FontIcon",
                  "children": [
                    {
                      "AutomationLevel": -1,
                      "AutomationPositionInSet": -1,
                      "AutomationSizeOfSet": -1,
                      "Background": "#00000000",
                      "BorderBrush": null,
                      "BorderThickness": "0,0,0,0",
                      "Clip": null,
                      "CornerRadius": "0,0,0,0",
                      "FlowDirection": "LeftToRight",
                      "HorizontalAlignment": "Stretch",
                      "Left": 0,
                      "Margin": "0,0,0,0",
                      "Padding": "0,0,0,0",
                      "Top": 0,
                      "VerticalAlignment": "Stretch",
                      "Visibility": "Visible",
                      "XamlType": "Windows.UI.Xaml.Controls.Grid",
                      "children": [
                        {
                          "AutomationLevel": -1,
                          "AutomationPositionInSet": -1,
                          "AutomationSizeOfSet": -1,
                          "Clip": null,
                          "FlowDirection": "LeftToRight",
                          "Foreground": "#9E000000",
                          "HorizontalAlignment": "Stretch",
                          "Left": 0,
                          "Margin": "0,0,0,0",
                          "Padding": "0,0,0,0",
                          "Text": "îƒ¥",
                          "Top": 0,
                          "VerticalAlignment": "Center",
                          "Visibility": "Visible",
                          "XamlType": "Windows.UI.Xaml.Controls.TextBlock",
                        },
                      ],
                    },
                  ],
                },
                {
                  "AutomationLevel": -1,
                  "AutomationPositionInSet": -1,
                  "AutomationSizeOfSet": -1,
                  "Background": null,
                  "BorderBrush": null,
                  "BorderThickness": "0,0,0,0",
                  "Clip": null,
                  "CornerRadius": "0,0,0,0",
                  "FlowDirection": "LeftToRight",
                  "Foreground": "#99000000",
                  "HorizontalAlignment": "Stretch",
                  "Left": 0,
                  "Margin": "0,0,0,0",
                  "Name": "DescriptionPresenter",
                  "Padding": "0,0,0,0",
                  "Top": 0,
                  "VerticalAlignment": "Stretch",
                  "Visibility": "Visible",
                  "XamlType": "Windows.UI.Xaml.Controls.ContentPresenter",
                },
                {
                  "AutomationLevel": -1,
                  "AutomationPositionInSet": -1,
                  "AutomationSizeOfSet": -1,
                  "Clip": null,
                  "FlowDirection": "LeftToRight",
                  "HorizontalAlignment": "Stretch",
                  "Left": 0,
                  "Margin": "0,0,0,0",
                  "Name": "Popup",
                  "Top": 0,
                  "VerticalAlignment": "Stretch",
                  "Visibility": "Visible",
                  "XamlType": "Windows.UI.Xaml.Controls.Primitives.Popup",
                },
              ],
            },
          ],
        },
      ],
    },
    {
      "AutomationLevel": -1,
      "AutomationPositionInSet": -1,
      "AutomationSizeOfSet": -1,
      "Background": null,
      "BorderBrush": "#E4000000",
      "BorderThickness": "0,0,0,0",
      "Clip": null,
      "CornerRadius": "0,0,0,0",
      "FlowDirection": "LeftToRight",
      "Height": 78,
      "HorizontalAlignment": "Stretch",
      "Left": 0,
      "Margin": "0,0,0,0",
      "Padding": "0,0,0,0",
      "Top": 59,
      "VerticalAlignment": "Stretch",
      "Visibility": "Visible",
      "Width": 200,
      "XamlType": "Microsoft.ReactNative.ViewPanel",
      "children": [
        {
          "AutomationLevel": -1,
          "AutomationPositionInSet": -1,
          "AutomationSizeOfSet": -1,
          "Background": null,
          "BorderBrush": null,
          "BorderThickness": "0,0,0,0",
          "Clip": null,
          "CornerRadius": "0,0,0,0",
          "FlowDirection": "LeftToRight",
          "Foreground": "#FF000000",
          "Height": 38,
          "HorizontalAlignment": "Stretch",
          "Left": 20,
          "Margin": "0,0,0,0",
          "Padding": "0,0,0,0",
          "Top": 20,
          "VerticalAlignment": "Stretch",
          "Visibility": "Visible",
          "Width": 160,
          "XamlType": "Microsoft.ReactNative.ViewControl",
          "children": [
            {
              "AutomationLevel": -1,
              "AutomationPositionInSet": -1,
              "AutomationSizeOfSet": -1,
              "Background": null,
              "BorderBrush": null,
              "BorderThickness": "0,0,0,0",
              "Clip": null,
              "CornerRadius": "0,0,0,0",
              "FlowDirection": "LeftToRight",
              "Foreground": "#FF000000",
              "HorizontalAlignment": "Stretch",
              "Left": 0,
              "Margin": "0,0,0,0",
              "Padding": "0,0,0,0",
              "Top": 0,
              "VerticalAlignment": "Stretch",
              "Visibility": "Visible",
              "XamlType": "Windows.UI.Xaml.Controls.ContentPresenter",
              "children": [
                {
                  "AutomationLevel": -1,
                  "AutomationPositionInSet": -1,
                  "AutomationSizeOfSet": -1,
                  "Background": "#B3FFFFFF",
                  "BorderBrush": "Windows.UI.Xaml.Media.LinearGradientBrush",
                  "BorderThickness": "1,1,1,1.5",
                  "Clip": null,
                  "CornerRadius": "3,3,3,3",
                  "FlowDirection": "LeftToRight",
                  "Height": 38,
                  "HorizontalAlignment": "Stretch",
                  "Left": 0,
                  "Margin": "0,0,0,0",
                  "Padding": "0,0,0,0",
                  "Top": 0,
                  "VerticalAlignment": "Stretch",
                  "Visibility": "Visible",
                  "Width": 160,
                  "XamlType": "Microsoft.ReactNative.ViewPanel",
                  "children": [
                    {
                      "AutomationLevel": -1,
                      "AutomationPositionInSet": -1,
                      "AutomationSizeOfSet": -1,
                      "Background": null,
                      "BorderBrush": "#E4000000",
                      "BorderThickness": "0,0,0,0",
                      "Clip": null,
                      "CornerRadius": "0,0,0,0",
                      "FlowDirection": "LeftToRight",
                      "Height": 35,
                      "HorizontalAlignment": "Stretch",
                      "Left": 1,
                      "Margin": "0,0,0,0",
                      "Padding": "0,0,0,0",
                      "Top": 1,
                      "VerticalAlignment": "Stretch",
                      "Visibility": "Visible",
                      "Width": 158,
                      "XamlType": "Microsoft.ReactNative.ViewPanel",
                      "children": [
                        {
                          "AutomationLevel": -1,
                          "AutomationPositionInSet": -1,
                          "AutomationSizeOfSet": -1,
                          "Background": null,
                          "BorderBrush": "#E4000000",
                          "BorderThickness": "0,0,0,0",
                          "Clip": null,
                          "CornerRadius": "0,0,0,0",
                          "FlowDirection": "LeftToRight",
                          "Height": 35,
                          "HorizontalAlignment": "Stretch",
                          "Left": 0,
                          "Margin": "0,0,0,0",
                          "Padding": "0,0,0,0",
                          "Top": 0,
                          "VerticalAlignment": "Stretch",
                          "Visibility": "Visible",
                          "Width": 158,
                          "XamlType": "Microsoft.ReactNative.ViewPanel",
                          "children": [
                            {
                              "AutomationLevel": -1,
                              "AutomationPositionInSet": -1,
                              "AutomationSizeOfSet": -1,
                              "Clip": null,
                              "FlowDirection": "LeftToRight",
                              "Foreground": "#E4000000",
                              "Height": 19,
                              "HorizontalAlignment": "Stretch",
                              "Left": 8,
                              "Margin": "0,0,0,0",
                              "Padding": "0,0,0,0",
                              "Text": "Open Flyout",
                              "Top": 8,
                              "VerticalAlignment": "Stretch",
                              "Visibility": "Visible",
                              "Width": 142,
                              "XamlType": "Windows.UI.Xaml.Controls.TextBlock",
                            },
                          ],
                        },
                      ],
                    },
                  ],
                },
              ],
            },
          ],
        },
      ],
    },
    {
      "AutomationLevel": -1,
      "AutomationPositionInSet": -1,
      "AutomationSizeOfSet": -1,
      "Background": null,
      "BorderBrush": "#E4000000",
      "BorderThickness": "0,0,0,0",
      "Clip": null,
      "CornerRadius": "0,0,0,0",
      "FlowDirection": "LeftToRight",
      "Height": 96,
      "HorizontalAlignment": "Stretch",
      "Left": 0,
      "Margin": "0,0,0,0",
      "Padding": "0,0,0,0",
      "Top": 137,
      "VerticalAlignment": "Stretch",
      "Visibility": "Visible",
      "Width": 200,
      "XamlType": "Microsoft.ReactNative.ViewPanel",
      "children": [
        {
          "AutomationLevel": -1,
          "AutomationPositionInSet": -1,
          "AutomationSizeOfSet": -1,
          "Background": null,
          "BorderBrush": null,
          "BorderThickness": "0,0,0,0",
          "Clip": null,
          "CornerRadius": "0,0,0,0",
          "FlowDirection": "LeftToRight",
          "Foreground": "#FF000000",
          "Height": 56,
          "HorizontalAlignment": "Stretch",
          "Left": 20,
          "Margin": "0,0,0,0",
          "Padding": "0,0,0,0",
          "Top": 20,
          "VerticalAlignment": "Stretch",
          "Visibility": "Visible",
          "Width": 160,
          "XamlType": "Microsoft.ReactNative.ViewControl",
          "children": [
            {
              "AutomationLevel": -1,
              "AutomationPositionInSet": -1,
              "AutomationSizeOfSet": -1,
              "Background": null,
              "BorderBrush": null,
              "BorderThickness": "0,0,0,0",
              "Clip": null,
              "CornerRadius": "0,0,0,0",
              "FlowDirection": "LeftToRight",
              "Foreground": "#FF000000",
              "HorizontalAlignment": "Stretch",
              "Left": 0,
              "Margin": "0,0,0,0",
              "Padding": "0,0,0,0",
              "Top": 0,
              "VerticalAlignment": "Stretch",
              "Visibility": "Visible",
              "XamlType": "Windows.UI.Xaml.Controls.ContentPresenter",
              "children": [
                {
                  "AutomationLevel": -1,
                  "AutomationPositionInSet": -1,
                  "AutomationSizeOfSet": -1,
                  "Background": "#B3FFFFFF",
                  "BorderBrush": "Windows.UI.Xaml.Media.LinearGradientBrush",
                  "BorderThickness": "1,1,1,1.5",
                  "Clip": null,
                  "CornerRadius": "3,3,3,3",
                  "FlowDirection": "LeftToRight",
                  "Height": 56,
                  "HorizontalAlignment": "Stretch",
                  "Left": 0,
                  "Margin": "0,0,0,0",
                  "Padding": "0,0,0,0",
                  "Top": 0,
                  "VerticalAlignment": "Stretch",
                  "Visibility": "Visible",
                  "Width": 160,
                  "XamlType": "Microsoft.ReactNative.ViewPanel",
                  "children": [
                    {
                      "AutomationLevel": -1,
                      "AutomationPositionInSet": -1,
                      "AutomationSizeOfSet": -1,
                      "Background": null,
                      "BorderBrush": "#E4000000",
                      "BorderThickness": "0,0,0,0",
                      "Clip": null,
                      "CornerRadius": "0,0,0,0",
                      "FlowDirection": "LeftToRight",
                      "Height": 54,
                      "HorizontalAlignment": "Stretch",
                      "Left": 1,
                      "Margin": "0,0,0,0",
                      "Padding": "0,0,0,0",
                      "Top": 1,
                      "VerticalAlignment": "Stretch",
                      "Visibility": "Visible",
                      "Width": 158,
                      "XamlType": "Microsoft.ReactNative.ViewPanel",
                      "children": [
                        {
                          "AutomationLevel": -1,
                          "AutomationPositionInSet": -1,
                          "AutomationSizeOfSet": -1,
                          "Background": null,
                          "BorderBrush": "#E4000000",
                          "BorderThickness": "0,0,0,0",
                          "Clip": null,
                          "CornerRadius": "0,0,0,0",
                          "FlowDirection": "LeftToRight",
                          "Height": 54,
                          "HorizontalAlignment": "Stretch",
                          "Left": 0,
                          "Margin": "0,0,0,0",
                          "Padding": "0,0,0,0",
                          "Top": 0,
                          "VerticalAlignment": "Stretch",
                          "Visibility": "Visible",
                          "Width": 158,
                          "XamlType": "Microsoft.ReactNative.ViewPanel",
                          "children": [
                            {
                              "AutomationLevel": -1,
                              "AutomationPositionInSet": -1,
                              "AutomationSizeOfSet": -1,
                              "Clip": null,
                              "FlowDirection": "LeftToRight",
                              "Foreground": "#E4000000",
                              "Height": 38,
                              "HorizontalAlignment": "Stretch",
                              "Left": 8,
                              "Margin": "0,0,0,0",
                              "Padding": "0,0,0,0",
                              "Text": "Open Flyout without Target",
                              "Top": 8,
                              "VerticalAlignment": "Stretch",
                              "Visibility": "Visible",
                              "Width": 142,
                              "XamlType": "Windows.UI.Xaml.Controls.TextBlock",
                            },
                          ],
                        },
                      ],
                    },
                  ],
                },
              ],
            },
          ],
        },
      ],
    },
    {
      "AutomationLevel": -1,
      "AutomationPositionInSet": -1,
      "AutomationSizeOfSet": -1,
      "Background": null,
      "BorderBrush": "#E4000000",
      "BorderThickness": "0,0,0,0",
      "Clip": null,
      "CornerRadius": "0,0,0,0",
      "FlowDirection": "LeftToRight",
      "Height": 97,
      "HorizontalAlignment": "Stretch",
      "Left": 0,
      "Margin": "0,0,0,0",
      "Padding": "0,0,0,0",
      "Top": 233,
      "VerticalAlignment": "Stretch",
      "Visibility": "Visible",
      "Width": 200,
      "XamlType": "Microsoft.ReactNative.ViewPanel",
      "children": [
        {
          "AutomationLevel": -1,
          "AutomationPositionInSet": -1,
          "AutomationSizeOfSet": -1,
          "Background": null,
          "BorderBrush": null,
          "BorderThickness": "0,0,0,0",
          "Clip": null,
          "CornerRadius": "0,0,0,0",
          "FlowDirection": "LeftToRight",
          "Foreground": "#FF000000",
          "Height": 57,
          "HorizontalAlignment": "Stretch",
          "Left": 20,
          "Margin": "0,0,0,0",
          "Padding": "0,0,0,0",
          "Top": 20,
          "VerticalAlignment": "Stretch",
          "Visibility": "Visible",
          "Width": 160,
          "XamlType": "Microsoft.ReactNative.ViewControl",
          "children": [
            {
              "AutomationLevel": -1,
              "AutomationPositionInSet": -1,
              "AutomationSizeOfSet": -1,
              "Background": null,
              "BorderBrush": null,
              "BorderThickness": "0,0,0,0",
              "Clip": null,
              "CornerRadius": "0,0,0,0",
              "FlowDirection": "LeftToRight",
              "Foreground": "#FF000000",
              "HorizontalAlignment": "Stretch",
              "Left": 0,
              "Margin": "0,0,0,0",
              "Padding": "0,0,0,0",
              "Top": 0,
              "VerticalAlignment": "Stretch",
              "Visibility": "Visible",
              "XamlType": "Windows.UI.Xaml.Controls.ContentPresenter",
              "children": [
                {
                  "AutomationLevel": -1,
                  "AutomationPositionInSet": -1,
                  "AutomationSizeOfSet": -1,
                  "Background": "#B3FFFFFF",
                  "BorderBrush": "Windows.UI.Xaml.Media.LinearGradientBrush",
                  "BorderThickness": "1,1,1,1.5",
                  "Clip": null,
                  "CornerRadius": "3,3,3,3",
                  "FlowDirection": "LeftToRight",
                  "Height": 57,
                  "HorizontalAlignment": "Stretch",
                  "Left": 0,
                  "Margin": "0,0,0,0",
                  "Padding": "0,0,0,0",
                  "Top": 0,
                  "VerticalAlignment": "Stretch",
                  "Visibility": "Visible",
                  "Width": 160,
                  "XamlType": "Microsoft.ReactNative.ViewPanel",
                  "children": [
                    {
                      "AutomationLevel": -1,
                      "AutomationPositionInSet": -1,
                      "AutomationSizeOfSet": -1,
                      "Background": null,
                      "BorderBrush": "#E4000000",
                      "BorderThickness": "0,0,0,0",
                      "Clip": null,
                      "CornerRadius": "0,0,0,0",
                      "FlowDirection": "LeftToRight",
                      "Height": 54,
                      "HorizontalAlignment": "Stretch",
                      "Left": 1,
                      "Margin": "0,0,0,0",
                      "Padding": "0,0,0,0",
                      "Top": 1,
                      "VerticalAlignment": "Stretch",
                      "Visibility": "Visible",
                      "Width": 158,
                      "XamlType": "Microsoft.ReactNative.ViewPanel",
                      "children": [
                        {
                          "AutomationLevel": -1,
                          "AutomationPositionInSet": -1,
                          "AutomationSizeOfSet": -1,
                          "Background": null,
                          "BorderBrush": "#E4000000",
                          "BorderThickness": "0,0,0,0",
                          "Clip": null,
                          "CornerRadius": "0,0,0,0",
                          "FlowDirection": "LeftToRight",
                          "Height": 54,
                          "HorizontalAlignment": "Stretch",
                          "Left": 0,
                          "Margin": "0,0,0,0",
                          "Padding": "0,0,0,0",
                          "Top": 0,
                          "VerticalAlignment": "Stretch",
                          "Visibility": "Visible",
                          "Width": 158,
                          "XamlType": "Microsoft.ReactNative.ViewPanel",
                          "children": [
                            {
                              "AutomationLevel": -1,
                              "AutomationPositionInSet": -1,
                              "AutomationSizeOfSet": -1,
                              "Clip": null,
                              "FlowDirection": "LeftToRight",
                              "Foreground": "#E4000000",
                              "Height": 38,
                              "HorizontalAlignment": "Stretch",
                              "Left": 8,
                              "Margin": "0,0,0,0",
                              "Padding": "0,0,0,0",
                              "Text": "Open Flyout with Offset",
                              "Top": 8,
                              "VerticalAlignment": "Stretch",
                              "Visibility": "Visible",
                              "Width": 142,
                              "XamlType": "Windows.UI.Xaml.Controls.TextBlock",
                            },
                          ],
                        },
                      ],
                    },
                  ],
                },
              ],
            },
          ],
        },
      ],
    },
    {
      "AutomationLevel": -1,
      "AutomationPositionInSet": -1,
      "AutomationSizeOfSet": -1,
      "Background": null,
      "BorderBrush": "#E4000000",
      "BorderThickness": "0,0,0,0",
      "Clip": null,
      "CornerRadius": "0,0,0,0",
      "FlowDirection": "LeftToRight",
      "Height": 232,
      "HorizontalAlignment": "Stretch",
      "Left": 0,
      "Margin": "0,0,0,0",
      "Padding": "0,0,0,0",
      "Top": 330,
      "VerticalAlignment": "Stretch",
      "Visibility": "Visible",
      "Width": 800,
      "XamlType": "Microsoft.ReactNative.ViewPanel",
      "children": [
        {
          "AutomationLevel": -1,
          "AutomationPositionInSet": -1,
          "AutomationSizeOfSet": -1,
          "Clip": null,
          "FlowDirection": "LeftToRight",
          "Foreground": "#FF000000",
          "Height": 32,
          "HorizontalAlignment": "Stretch",
          "Left": 0,
          "Margin": "0,0,0,0",
          "Padding": "10,10,10,10",
          "Text": "Text Input to Anchor flyout to: ",
          "Top": 200,
          "VerticalAlignment": "Stretch",
          "Visibility": "Visible",
          "Width": 300,
          "XamlType": "Windows.UI.Xaml.Controls.TextBlock",
        },
        {
          "AutomationLevel": -1,
          "AutomationPositionInSet": -1,
          "AutomationSizeOfSet": -1,
          "Background": "#B3FFFFFF",
          "BorderBrush": "Windows.UI.Xaml.Media.LinearGradientBrush",
          "BorderThickness": "1,1,1,1",
          "Clip": null,
          "CornerRadius": "0,0,0,0",
          "FlowDirection": "LeftToRight",
          "Foreground": "#E4000000",
          "Height": 32,
          "HorizontalAlignment": "Stretch",
          "Left": 300,
          "Margin": "0,0,0,0",
          "Padding": "10,5,6,6",
          "Text": "",
          "Top": 200,
          "VerticalAlignment": "Stretch",
          "Visibility": "Visible",
          "Width": 250,
          "XamlType": "Windows.UI.Xaml.Controls.TextBox",
          "children": [
            {
              "AutomationLevel": -1,
              "AutomationPositionInSet": -1,
              "AutomationSizeOfSet": -1,
              "Background": null,
              "BorderBrush": null,
              "BorderThickness": "0,0,0,0",
              "Clip": null,
              "CornerRadius": "0,0,0,0",
              "FlowDirection": "LeftToRight",
              "HorizontalAlignment": "Stretch",
              "Left": 0,
              "Margin": "0,0,0,0",
              "Padding": "0,0,0,0",
              "Top": 0,
              "VerticalAlignment": "Stretch",
              "Visibility": "Visible",
              "XamlType": "Windows.UI.Xaml.Controls.Grid",
              "children": [
                {
                  "AutomationLevel": -1,
                  "AutomationPositionInSet": -1,
                  "AutomationSizeOfSet": -1,
                  "Background": "#B3FFFFFF",
                  "BorderBrush": "Windows.UI.Xaml.Media.LinearGradientBrush",
                  "BorderThickness": "1,1,1,1",
                  "Clip": null,
                  "CornerRadius": "0,0,0,0",
                  "FlowDirection": "LeftToRight",
                  "HorizontalAlignment": "Stretch",
                  "Left": 0,
                  "Margin": "0,0,0,0",
                  "Name": "BorderElement",
                  "Padding": "0,0,0,0",
                  "Top": 0,
                  "VerticalAlignment": "Stretch",
                  "Visibility": "Visible",
                  "XamlType": "Windows.UI.Xaml.Controls.Border",
                },
                {
                  "AutomationLevel": -1,
                  "AutomationPositionInSet": -1,
                  "AutomationSizeOfSet": -1,
                  "Background": "#00FFFFFF",
                  "BorderBrush": "#00FFFFFF",
                  "BorderThickness": "0,0,0,0",
                  "Clip": null,
                  "CornerRadius": "0,0,0,0",
                  "FlowDirection": "LeftToRight",
                  "Foreground": "#E4000000",
                  "HorizontalAlignment": "Stretch",
                  "Left": 0,
                  "Margin": "1,1,1,1",
                  "Name": "ContentElement",
                  "Padding": "10,5,6,6",
                  "Top": 0,
                  "VerticalAlignment": "Stretch",
                  "Visibility": "Visible",
                  "XamlType": "Windows.UI.Xaml.Controls.ScrollViewer",
                  "children": [
                    {
                      "AutomationLevel": -1,
                      "AutomationPositionInSet": -1,
                      "AutomationSizeOfSet": -1,
                      "Background": null,
                      "BorderBrush": "#00FFFFFF",
                      "BorderThickness": "0,0,0,0",
                      "Clip": null,
                      "CornerRadius": "0,0,0,0",
                      "FlowDirection": "LeftToRight",
                      "HorizontalAlignment": "Stretch",
                      "Left": 0,
                      "Margin": "0,0,0,0",
                      "Name": "Root",
                      "Padding": "0,0,0,0",
                      "Top": 0,
                      "VerticalAlignment": "Stretch",
                      "Visibility": "Visible",
                      "XamlType": "Windows.UI.Xaml.Controls.Border",
                      "children": [
                        {
                          "AutomationLevel": -1,
                          "AutomationPositionInSet": -1,
                          "AutomationSizeOfSet": -1,
                          "Background": "#00FFFFFF",
                          "BorderBrush": null,
                          "BorderThickness": "0,0,0,0",
                          "Clip": null,
                          "CornerRadius": "0,0,0,0",
                          "FlowDirection": "LeftToRight",
                          "HorizontalAlignment": "Stretch",
                          "Left": 0,
                          "Margin": "0,0,0,0",
                          "Padding": "0,0,0,0",
                          "Top": 0,
                          "VerticalAlignment": "Stretch",
                          "Visibility": "Visible",
                          "XamlType": "Windows.UI.Xaml.Controls.Grid",
                          "children": [
                            {
                              "AutomationLevel": -1,
                              "AutomationPositionInSet": -1,
                              "AutomationSizeOfSet": -1,
                              "Background": null,
                              "BorderBrush": null,
                              "BorderThickness": "0,0,0,0",
                              "Clip": "Windows.UI.Xaml.Media.RectangleGeometry",
                              "CornerRadius": "0,0,0,0",
                              "FlowDirection": "LeftToRight",
                              "Foreground": "#E4000000",
                              "HorizontalAlignment": "Stretch",
                              "Left": 0,
                              "Margin": "10,5,6,6",
                              "Name": "ScrollContentPresenter",
                              "Padding": "0,0,0,0",
                              "Top": 0,
                              "VerticalAlignment": "Stretch",
                              "Visibility": "Visible",
                              "XamlType": "Windows.UI.Xaml.Controls.ScrollContentPresenter",
                              "children": [
                                {
                                  "AutomationLevel": -1,
                                  "AutomationPositionInSet": -1,
                                  "AutomationSizeOfSet": -1,
                                  "Clip": null,
                                  "FlowDirection": "LeftToRight",
                                  "HorizontalAlignment": "Stretch",
                                  "Left": 0,
                                  "Margin": "0,0,0,0",
                                  "Top": 0,
                                  "VerticalAlignment": "Stretch",
                                  "Visibility": "Visible",
                                  "XamlType": "Windows.UI.Xaml.FrameworkElement",
                                },
                              ],
                            },
                            {
                              "AutomationLevel": -1,
                              "AutomationPositionInSet": -1,
                              "AutomationSizeOfSet": -1,
                              "Background": null,
                              "BorderBrush": null,
                              "BorderThickness": "0,0,0,0",
                              "Clip": null,
                              "CornerRadius": "0,0,0,0",
                              "FlowDirection": "LeftToRight",
                              "HorizontalAlignment": "Stretch",
                              "Left": 0,
                              "Margin": "0,0,0,0",
                              "Padding": "0,0,0,0",
                              "Top": 0,
                              "VerticalAlignment": "Stretch",
                              "Visibility": "Visible",
                              "XamlType": "Windows.UI.Xaml.Controls.Grid",
                            },
                          ],
                        },
                      ],
                    },
                  ],
                },
                {
                  "AutomationLevel": -1,
                  "AutomationPositionInSet": -1,
                  "AutomationSizeOfSet": -1,
                  "Background": null,
                  "BorderBrush": null,
                  "BorderThickness": "0,0,0,0",
                  "Clip": null,
                  "CornerRadius": "0,0,0,0",
                  "FlowDirection": "LeftToRight",
                  "Foreground": "#99000000",
                  "HorizontalAlignment": "Stretch",
                  "Left": 0,
                  "Margin": "0,0,0,0",
                  "Name": "DescriptionPresenter",
                  "Padding": "0,0,0,0",
                  "Top": 0,
                  "VerticalAlignment": "Stretch",
                  "Visibility": "Visible",
                  "XamlType": "Windows.UI.Xaml.Controls.ContentPresenter",
                },
              ],
            },
          ],
        },
      ],
    },
  ],
}
`;
